// Jest Snapshot v1, https://goo.gl/fbAQLP

exports[`Admin testing sets (loggedOut) Render ClientField correctly 1`] = `
<ContextProvider
  value={
    Object {
      "store": Object {
        "@@observable": [Function],
        "dispatch": [Function],
        "getState": [Function],
        "replaceReducer": [Function],
        "subscribe": [Function],
      },
      "subscription": Subscription {
        "handleChangeWrapper": [Function],
        "listeners": Object {
          "notify": [Function],
        },
        "onStateChange": [Function],
        "parentSub": undefined,
        "store": Object {
          "@@observable": [Function],
          "dispatch": [Function],
          "getState": [Function],
          "replaceReducer": [Function],
          "subscribe": [Function],
        },
        "unsubscribe": null,
      },
    }
  }
>
  <BrowserRouter>
    <Connect(ClientField)
      client="Driver"
      usersList={
        Object {
          "users": Array [
            Object {
              "carLevel": "econom",
              "firstName": "Artyom",
              "id": "1",
              "isActive": false,
              "isVerifiedByAdmin": false,
              "lastName": "Kosakyan",
              "phoneNumber": "094808489",
            },
            Object {
              "carLevel": "econom",
              "firstName": "Artyom",
              "id": "2",
              "isActive": false,
              "isVerifiedByAdmin": false,
              "lastName": "Kosakyan",
              "phoneNumber": "094808489",
            },
          ],
        }
      }
    />
  </BrowserRouter>
</ContextProvider>
`;

exports[`Admin testing sets (loggedOut) Render ClientFieldDefault correctly 1`] = `null`;

exports[`Admin testing sets (loggedOut) Render ClientFieldDriver correctly 1`] = `null`;

exports[`Admin testing sets (loggedOut) Render ClientFieldPassenger correctly 1`] = `null`;

exports[`Admin testing sets (loggedOut) Render correctly Login 1`] = `null`;
